// Jest Snapshot v1, https://goo.gl/fbAQLP

exports[`User register test Should create a user 1`] = `
Object {
  "username": "lais_registrada",
}
`;
